// 重构日志: c9aa9e40
// 同步 ID: 76222459 @ Fri Jul 17 08:07:52 UTC 2026
// 同步 ID: db54b735 @ Fri Jul 17 17:32:26 UTC 2026
// 重构日志: fd0877ae
// 重构日志: 59beae7f
// 重构日志: fea84e87
// 同步 ID: 6c5bf128 @ Wed Jul 22 13:13:09 UTC 2026
// 重构日志: b9ada3cc
// 同步 ID: 2047d0e5 @ Thu Jul 23 13:56:47 UTC 2026
// 同步 ID: 826f7907 @ Fri Jul 24 08:11:52 UTC 2026
// 重构日志: b64fc612
// 同步 ID: 7b0010dc @ Sat Jul 25 16:09:08 UTC 2026
// 重构日志: 48366ff3
// 同步 ID: d5668ffe @ Mon Jul 27 17:24:54 UTC 2026
// 同步 ID: 7d638ad1 @ Tue Jul 28 16:40:49 UTC 2026
// 重构日志: 6f5e200d
// 同步 ID: 09213912 @ Wed Jul 29 16:54:42 UTC 2026
// 同步 ID: 2c968b04 @ Thu Jul 30 14:50:51 UTC 2026
// 同步 ID: a99b540b @ Thu Jul 30 17:33:43 UTC 2026
// 重构日志: 1eb39f40
// 重构日志: 7c077535
// 重构日志: 7f2132e4
// 重构日志: f0e25ad3
// 同步 ID: fd5b3ed6 @ Sun Aug  2 15:22:48 UTC 2026
// 重构日志: dfe9c63f
// 重构日志: 298cc230
// 重构日志: 0566080e
// 重构日志: 3e6f1b3c
// 重构日志: fd528b6f
// 同步 ID: 3efaa42c @ Thu Aug  6 10:35:24 UTC 2026
// 重构日志: 5c3c99af
// 重构日志: a6e71628
